       time:  Wed Mar 24 19:53:00 2021
temperature:  73.9 F
  dew point:  46.0 F
       wind:  ESE at 9 knots, gusting to 18 knots
 visibility:  10 miles
   pressure:  1006.4 mb
        sky:  scattered clouds at 12000 feet, broken clouds at 25000 feet
