        Tonight:  Mostly clear, with a low around 34. West southwest wind around
                  6 mph.
         Friday:  Mostly sunny. High near 62, with temperatures falling to
                  around 52 in the afternoon. North northwest wind
                  around 6 mph.
   Friday Night:  Mostly clear, with a low around 33. South wind around 3
                  mph.
       Saturday:  Sunny, with a high near 61. South southeast wind around 3
                  mph.
 Saturday Night:  Mostly clear, with a low around 35. South southwest wind
                  around 3 mph.
         Sunday:  Mostly sunny, with a high near 64.
   Sunday Night:  Mostly cloudy, with a low around 31.
         Monday:  A slight chance of snow after 11am. Partly sunny, with a high
                  near 42. Chance of precipitation is 20%.
   Monday Night:  A slight chance of snow before 5am. Mostly cloudy, with a low
                  around 19. Chance of precipitation is 20%.
        Tuesday:  Mostly sunny, with a high near 39.
  Tuesday Night:  Mostly clear, with a low around 23.
      Wednesday:  Mostly sunny, with a high near 41.
Wednesday Night:  Partly cloudy, with a low around 25.
       Thursday:  Mostly sunny, with a high near 47.
