No forecast found for location: Fake, FK coordinates: 24.309450000000027,103.31328000000008
