Could not retrieve metar for KFAKE: KFAKE is not a valid ICAO station ident
