Could not retrieve info for WFO fake: Invalid WFO code.
