      name:  Nashville, TN
 telephone:  615-754-8500
fax number:  615-743-8503
     email:  sr-ohx.webmaster@noaa.gov
   address:  500 Weather Station Road, Old Hickory, TN 37138
