Could not retrieve products for WFO fake: Invalid WFO code.
