KBNA
KCHA
KBWG
KHSV
KCSV
KMSL
KDNN
KCKV
KMQY
KDCU
KRMG
K4A9
KSME
KMDQ
KMRC
KGLW
KTHA
KSRB
KSYI
KRNC
KM91
KJWN
K1M5
