     name:  Nashville, Nashville International Airport
time zone:  America/Chicago
elevation:  597ft (181.9656m)
