Could not retrieve info for weather station KFAKE: Invalid station id.
