Could not retrieve weather stations for WFO fake: Invalid WFO code.
