No wx data found attempting to retrieve afd issued by fake.
